postgres-# \i /Users/laylastein/Database_project/Database_project/Constraints.sql
psql:/Users/laylastein/Database_project/Database_project/Constraints.sql:82: ERROR:  new row for relation "subscriptions" violates check constraint "renewable"
DETAIL:  Failing row contains (111111111, ordinary, 300.00, 3).
Time: 1.303 ms
postgres-# \i /Users/laylastein/Database_project/Database_project/Constraints.sql
psql:/Users/laylastein/Database_project/Database_project/Constraints.sql:82: ERROR:  new row for relation "subscriptions" violates check constraint "sub_cost"
DETAIL:  Failing row contains (111111111, ordinary, -1.00, 1).
Time: 2.099 ms
postgres-# \i /Users/laylastein/Database_project/Database_project/Constraints.sql
psql:/Users/laylastein/Database_project/Database_project/Constraints.sql:82: ERROR:  new row for relation "wages" violates check constraint "positive_wage"
DETAIL:  Failing row contains (100000000, 100000000, overtime, -1.00).
Time: 6.228 ms
postgres-# \i /Users/laylastein/Database_project/Database_project/Constraints.sql
psql:/Users/laylastein/Database_project/Database_project/Constraints.sql:82: ERROR:  new row for relation "penalties" violates check constraint "fee"
DETAIL:  Failing row contains (111111111, late, -1.00).
Time: 3.308 ms
postgres-# \i /Users/laylastein/Database_project/Database_project/Constraints.sql
psql:/Users/laylastein/Database_project/Database_project/Constraints.sql:82: ERROR:  new row for relation "insurance" violates check constraint "insurance_cost"
DETAIL:  Failing row contains (0, 111111111, book, -1.00).
Time: 3.378 ms
postgres-# \i /Users/laylastein/Database_project/Database_project/Constraints.sql
psql:/Users/laylastein/Database_project/Database_project/Constraints.sql:82: ERROR:  new row for relation "procured" violates check constraint "procured_cost"
DETAIL:  Failing row contains (333333333, 100000000, 2023-03-12, -1.00).
Time: 3.178 ms
postgres-# \i /Users/laylastein/Database_project/Database_project/Constraints.sql
psql:/Users/laylastein/Database_project/Database_project/Constraints.sql:82: ERROR:  new row for relation "subscribed" violates check constraint "subscribed_dates"
DETAIL:  Failing row contains (222222222, 992000000, 2024-10-24, 2024-10-23).
Time: 2.898 ms
postgres-# \i /Users/laylastein/Database_project/Database_project/Constraints.sql
psql:/Users/laylastein/Database_project/Database_project/Constraints.sql:82: ERROR:  new row for relation "receives" violates check constraint "receives_dates"
DETAIL:  Failing row contains (943000000, 333333333, 2024-10-20, 2024-10-19).
Time: 3.319 ms
postgres-# \i /Users/laylastein/Database_project/Database_project/Constraints.sql
psql:/Users/laylastein/Database_project/Database_project/Constraints.sql:82: ERROR:  new row for relation "insured" violates check constraint "insured_dates"
DETAIL:  Failing row contains (100000000, 100000000, 2025-01-30, 2025-01-29).
Time: 3.434 ms
postgres-# \i /Users/laylastein/Database_project/Database_project/Constraints.sql
psql:/Users/laylastein/Database_project/Database_project/Constraints.sql:82: ERROR:  new row for relation "grants" violates check constraint "amount"
DETAIL:  Failing row contains (480000000, 100000000, -1.00, 2023-04-29).